\BOOKMARK [0][-]{Doc-Start}{\376\377\000A\000b\000s\000t\000r\000a\000c\000t}{}% 1
\BOOKMARK [0][-]{Doc-Start}{\376\377\000A\000c\000k\000n\000o\000w\000l\000e\000d\000g\000m\000e\000n\000t\000s}{}% 2
\BOOKMARK [0][-]{Doc-Start}{\376\377\000P\000o\000s\000t\000-\000D\000e\000f\000e\000n\000s\000e\000\040\000A\000c\000k\000n\000o\000w\000l\000e\000d\000g\000m\000e\000n\000t\000s}{}% 3
\BOOKMARK [0][-]{chapter*.1}{\376\377\000L\000i\000s\000t\000\040\000o\000f\000\040\000F\000i\000g\000u\000r\000e\000s}{}% 4
\BOOKMARK [0][-]{chapter*.2}{\376\377\000L\000i\000s\000t\000\040\000o\000f\000\040\000T\000a\000b\000l\000e\000s}{}% 5
\BOOKMARK [0][-]{chapter*.3}{\376\377\000L\000i\000s\000t\000\040\000o\000f\000\040\000A\000b\000b\000r\000e\000v\000i\000a\000t\000i\000o\000n\000s}{}% 6
\BOOKMARK [0][-]{chapter.1}{\376\377\000I\000n\000t\000r\000o\000d\000u\000c\000t\000i\000o\000n}{}% 7
\BOOKMARK [1][-]{section.1.1}{\376\377\000M\000o\000t\000i\000v\000a\000t\000i\000o\000n}{chapter.1}% 8
\BOOKMARK [1][-]{section.1.2}{\376\377\000C\000o\000n\000t\000r\000i\000b\000u\000t\000i\000o\000n}{chapter.1}% 9
\BOOKMARK [1][-]{section.1.3}{\376\377\000O\000r\000g\000a\000n\000i\000z\000a\000t\000i\000o\000n}{chapter.1}% 10
\BOOKMARK [0][-]{chapter.2}{\376\377\000R\000e\000l\000a\000t\000e\000d\000\040\000W\000o\000r\000k}{}% 11
\BOOKMARK [1][-]{section.2.1}{\376\377\000T\000h\000e\000\040\000W\000e\000b}{chapter.2}% 12
\BOOKMARK [2][-]{subsection.2.1.1}{\376\377\000S\000e\000m\000a\000n\000t\000i\000c\000\040\000W\000e\000b}{section.2.1}% 13
\BOOKMARK [2][-]{subsection.2.1.2}{\376\377\000T\000h\000e\000\040\000S\000e\000m\000a\000n\000t\000i\000c\000\040\000W\000e\000b\000\040\000S\000t\000a\000c\000k}{section.2.1}% 14
\BOOKMARK [1][-]{section.2.2}{\376\377\000L\000i\000n\000k\000e\000d\000\040\000O\000p\000e\000n\000\040\000D\000a\000t\000a}{chapter.2}% 15
\BOOKMARK [2][-]{subsection.2.2.1}{\376\377\000L\000i\000n\000k\000e\000d\000\040\000D\000a\000t\000a}{section.2.2}% 16
\BOOKMARK [2][-]{subsection.2.2.2}{\376\377\000L\000i\000n\000k\000e\000d\000\040\000\050\000O\000p\000e\000n\000\051\000\040\000D\000a\000t\000a}{section.2.2}% 17
\BOOKMARK [1][-]{section.2.3}{\376\377\000R\000e\000s\000o\000u\000r\000c\000e\000\040\000D\000e\000s\000c\000r\000i\000p\000t\000i\000o\000n\000\040\000F\000r\000a\000m\000e\000w\000o\000r\000k}{chapter.2}% 18
\BOOKMARK [2][-]{subsection.2.3.1}{\376\377\000U\000n\000i\000f\000o\000r\000m\000\040\000R\000e\000s\000o\000u\000r\000c\000e\000\040\000I\000d\000e\000n\000t\000i\000f\000i\000e\000r}{section.2.3}% 19
\BOOKMARK [1][-]{section.2.4}{\376\377\000L\000i\000n\000k\000e\000d\000\040\000D\000a\000t\000a\000\040\000L\000i\000f\000e\000\040\000C\000y\000c\000l\000e}{chapter.2}% 20
\BOOKMARK [1][-]{section.2.5}{\376\377\000O\000n\000t\000o\000l\000o\000g\000y\000\040\000i\000n\000\040\000W\000e\000b\000\040\000S\000e\000m\000a\000n\000t\000i\000c\000s}{chapter.2}% 21
\BOOKMARK [1][-]{section.2.6}{\376\377\000O\000W\000L\000\040\000O\000n\000t\000o\000l\000o\000g\000i\000e\000s}{chapter.2}% 22
\BOOKMARK [2][-]{subsection.2.6.1}{\376\377\000C\000o\000m\000p\000o\000n\000e\000n\000t\000s\000\040\000o\000f\000\040\000O\000W\000L\000\040\000O\000n\000t\000o\000l\000o\000g\000i\000e\000s}{section.2.6}% 23
\BOOKMARK [2][-]{subsection.2.6.2}{\376\377\000O\000n\000t\000o\000l\000o\000g\000y\000\040\000E\000d\000i\000t\000o\000r\000s}{section.2.6}% 24
\BOOKMARK [1][-]{section.2.7}{\376\377\000C\000o\000n\000v\000e\000r\000s\000i\000o\000n\000\040\000o\000f\000\040\000D\000a\000t\000a\000\040\000f\000r\000o\000m\000\040\000S\000p\000r\000e\000a\000d\000s\000h\000e\000e\000t\000s\000\040\000t\000o\000\040\000R\000D\000F}{chapter.2}% 25
\BOOKMARK [2][-]{subsection.2.7.1}{\376\377\000O\000p\000e\000n\000-\000s\000o\000u\000r\000c\000e\000\040\000T\000o\000o\000l\000s\000\040\000R\000e\000c\000o\000m\000m\000e\000n\000d\000e\000d\000\040\000b\000y\000\040\000W\0003\000C}{section.2.7}% 26
\BOOKMARK [2][-]{subsection.2.7.2}{\376\377\000C\000o\000n\000v\000e\000r\000s\000i\000o\000n\000\040\000U\000s\000i\000n\000g\000\040\000R\000M\000L}{section.2.7}% 27
\BOOKMARK [1][-]{section.2.8}{\376\377\000A\000p\000p\000l\000i\000c\000a\000t\000i\000o\000n\000s\000\040\000o\000f\000\040\000L\000i\000n\000k\000e\000d\000\040\000O\000p\000e\000n\000\040\000D\000a\000t\000a}{chapter.2}% 28
\BOOKMARK [2][-]{subsection.2.8.1}{\376\377\000W\000i\000k\000i\000d\000a\000t\000a}{section.2.8}% 29
\BOOKMARK [2][-]{subsection.2.8.2}{\376\377\000D\000B\000p\000e\000d\000i\000a}{section.2.8}% 30
\BOOKMARK [0][-]{chapter.3}{\376\377\000M\000e\000t\000h\000o\000d\000o\000l\000o\000g\000y}{}% 31
\BOOKMARK [1][-]{section.3.1}{\376\377\000D\000e\000s\000c\000r\000i\000b\000i\000n\000g\000\040\000N\000e\000w\000\040\000O\000W\000L\000\040\000V\000o\000c\000a\000b\000u\000l\000a\000r\000i\000e\000s}{chapter.3}% 32
\BOOKMARK [2][-]{subsection.3.1.1}{\376\377\000P\000r\000o\000t\000\351\000g\000\351}{section.3.1}% 33
\BOOKMARK [2][-]{subsection.3.1.2}{\376\377\000U\000s\000a\000b\000i\000l\000i\000t\000y\000\040\000o\000f\000\040\000P\000r\000o\000t\000\351\000g\000\351}{section.3.1}% 34
\BOOKMARK [1][-]{section.3.2}{\376\377\000P\000r\000o\000c\000e\000d\000u\000r\000e\000\040\000t\000o\000\040\000D\000e\000s\000c\000r\000i\000b\000e\000\040\000O\000W\000L\000\040\000V\000o\000c\000a\000b\000u\000l\000a\000r\000i\000e\000s\000\040\000U\000s\000i\000n\000g\000\040\000P\000r\000o\000t\000\351\000g\000\351}{chapter.3}% 35
\BOOKMARK [2][-]{subsection.3.2.1}{\376\377\000C\000l\000a\000s\000s\000e\000s\000\040\000a\000n\000d\000\040\000C\000l\000a\000s\000s\000\040\000H\000i\000e\000r\000a\000r\000c\000h\000y}{section.3.2}% 36
\BOOKMARK [2][-]{subsection.3.2.2}{\376\377\000O\000b\000j\000e\000c\000t\000\040\000P\000r\000o\000p\000e\000r\000t\000i\000e\000s\000\040\000a\000n\000d\000\040\000O\000b\000j\000e\000c\000t\000\040\000P\000r\000o\000p\000e\000r\000t\000y\000\040\000H\000i\000e\000r\000a\000r\000c\000h\000y}{section.3.2}% 37
\BOOKMARK [2][-]{subsection.3.2.3}{\376\377\000D\000a\000t\000a\000\040\000P\000r\000o\000p\000e\000r\000t\000i\000e\000s\000\040\000a\000n\000d\000\040\000D\000a\000t\000a\000\040\000P\000r\000o\000p\000e\000r\000t\000y\000\040\000H\000i\000e\000r\000a\000r\000c\000h\000y}{section.3.2}% 38
\BOOKMARK [2][-]{subsection.3.2.4}{\376\377\000O\000W\000L\000\040\000O\000n\000t\000o\000l\000o\000g\000y\000\040\000I\000n\000c\000o\000n\000s\000i\000s\000t\000e\000n\000c\000i\000e\000s\000\040\000a\000n\000d\000\040\000R\000e\000a\000s\000o\000n\000e\000r}{section.3.2}% 39
\BOOKMARK [2][-]{subsection.3.2.5}{\376\377\000D\000a\000t\000a\000\040\000V\000a\000l\000i\000d\000a\000t\000i\000o\000n}{section.3.2}% 40
\BOOKMARK [1][-]{section.3.3}{\376\377\000C\000o\000n\000v\000e\000r\000s\000i\000o\000n\000\040\000o\000f\000\040\000T\000a\000b\000u\000l\000a\000r\000\040\000D\000a\000t\000a\000\040\000i\000n\000t\000o\000\040\000L\000i\000n\000k\000e\000d\000\040\000D\000a\000t\000a}{chapter.3}% 41
\BOOKMARK [2][-]{subsection.3.3.1}{\376\377\000C\000o\000n\000v\000e\000r\000s\000i\000o\000n\000\040\000U\000s\000i\000n\000g\000\040\000O\000p\000e\000n\000R\000e\000f\000i\000n\000e}{section.3.3}% 42
\BOOKMARK [1][-]{section.3.4}{\376\377\000A\000n\000n\000o\000u\000n\000c\000i\000n\000g\000\040\000L\000i\000n\000k\000e\000d\000\040\000O\000p\000e\000n\000\040\000D\000a\000t\000a}{chapter.3}% 43
\BOOKMARK [2][-]{subsection.3.4.1}{\376\377\000L\000i\000c\000e\000n\000s\000i\000n\000g\000\040\000L\000i\000n\000k\000e\000d\000\040\000D\000a\000t\000a}{section.3.4}% 44
\BOOKMARK [2][-]{subsection.3.4.2}{\376\377\000P\000u\000b\000l\000i\000s\000h\000i\000n\000g\000\040\000L\000i\000n\000k\000e\000d\000\040\000`\000`\000O\000p\000e\000n\000'\000'\000\040\000D\000a\000t\000a}{section.3.4}% 45
\BOOKMARK [2][-]{subsection.3.4.3}{\376\377\0005\000-\000s\000t\000a\000r\000\040\000R\000a\000t\000i\000n\000g\000\040\000S\000y\000s\000t\000e\000m}{section.3.4}% 46
\BOOKMARK [1][-]{section.3.5}{\376\377\000V\000i\000s\000u\000a\000l\000i\000z\000i\000n\000g\000\040\000L\000i\000n\000k\000e\000d\000\040\000D\000a\000t\000a}{chapter.3}% 47
\BOOKMARK [2][-]{subsection.3.5.1}{\376\377\000O\000n\000t\000o\000G\000r\000a\000f}{section.3.5}% 48
\BOOKMARK [2][-]{subsection.3.5.2}{\376\377\000W\000e\000b\000V\000O\000W\000L}{section.3.5}% 49
\BOOKMARK [0][-]{chapter.4}{\376\377\000P\000r\000o\000o\000f\000\040\000o\000f\000\040\000C\000o\000n\000c\000e\000p\000t}{}% 50
\BOOKMARK [1][-]{section.4.1}{\376\377\000M\000o\000d\000e\000l\000l\000i\000n\000g\000\040\000O\000n\000t\000o\000l\000o\000g\000y\000\040\000f\000o\000r\000\040\000S\000u\000r\000v\000e\000y\000\040\000U\000s\000i\000n\000g\000\040\000P\000r\000o\000t\000\351\000g\000\351}{chapter.4}% 51
\BOOKMARK [2][-]{subsection.4.1.1}{\376\377\000C\000l\000a\000s\000s\000e\000s\000\040\000f\000o\000r\000\040\000S\000u\000r\000v\000e\000y\000\040\000O\000n\000t\000o\000l\000o\000g\000y}{section.4.1}% 52
\BOOKMARK [1][-]{section.4.2}{\376\377\000D\000e\000v\000e\000l\000o\000p\000m\000e\000n\000t\000\040\000T\000o\000o\000l\000\040\000f\000o\000r\000\040\000t\000h\000e\000\040\000C\000r\000e\000a\000t\000i\000o\000n\000\040\000o\000f\000\040\000N\000e\000w\000\040\000O\000W\000L\000\040\000V\000o\000c\000a\000b\000u\000l\000a\000r\000i\000e\000s}{chapter.4}% 53
\BOOKMARK [1][-]{section.4.3}{\376\377\000P\000r\000o\000t\000\351\000g\000\351}{chapter.4}% 54
\BOOKMARK [2][-]{subsection.4.3.1}{\376\377\000U\000s\000a\000b\000i\000l\000i\000t\000y\000\040\000o\000f\000\040\000P\000r\000o\000t\000\351\000g\000\351}{section.4.3}% 55
\BOOKMARK [1][-]{section.4.4}{\376\377\000P\000r\000o\000c\000e\000d\000u\000r\000e\000\040\000t\000o\000\040\000M\000o\000d\000e\000l\000\040\000t\000h\000e\000\040\000S\000u\000r\000v\000e\000y\000\040\000O\000n\000t\000o\000l\000o\000g\000y\000\040\000i\000n\000\040\000O\000W\000L\000\040\000U\000s\000i\000n\000g\000\040\000P\000r\000o\000t\000\351\000g\000\351\000\040\000T\000o\000o\000l\000s}{chapter.4}% 56
\BOOKMARK [2][-]{subsection.4.4.1}{\376\377\000C\000l\000a\000s\000s\000e\000s\000\040\000a\000n\000d\000\040\000C\000l\000a\000s\000s\000\040\000H\000i\000e\000r\000a\000r\000c\000h\000y}{section.4.4}% 57
\BOOKMARK [2][-]{subsection.4.4.2}{\376\377\000O\000b\000j\000e\000c\000t\000\040\000P\000r\000o\000p\000e\000r\000t\000i\000e\000s\000\040\000a\000n\000d\000\040\000O\000b\000j\000e\000c\000t\000\040\000P\000r\000o\000p\000e\000r\000t\000y\000\040\000H\000i\000e\000r\000a\000r\000c\000h\000y}{section.4.4}% 58
\BOOKMARK [2][-]{subsection.4.4.3}{\376\377\000O\000b\000j\000e\000c\000t\000\040\000P\000r\000o\000p\000e\000r\000t\000i\000e\000s\000\040\000f\000o\000r\000\040\000S\000u\000r\000v\000e\000y\000\040\000O\000n\000t\000o\000l\000o\000g\000y}{section.4.4}% 59
\BOOKMARK [2][-]{subsection.4.4.4}{\376\377\000D\000a\000t\000a\000\040\000P\000r\000o\000p\000e\000r\000t\000i\000e\000s\000\040\000f\000o\000r\000\040\000S\000u\000r\000v\000e\000y\000\040\000O\000n\000t\000o\000l\000o\000g\000y}{section.4.4}% 60
\BOOKMARK [2][-]{subsection.4.4.5}{\376\377\000D\000a\000t\000a\000\040\000P\000r\000o\000p\000e\000r\000t\000i\000e\000s\000\040\000a\000n\000d\000\040\000D\000a\000t\000a\000\040\000P\000r\000o\000p\000e\000r\000t\000y\000\040\000H\000i\000e\000r\000a\000r\000c\000h\000y}{section.4.4}% 61
\BOOKMARK [0][-]{chapter.5}{\376\377\000C\000o\000n\000c\000l\000u\000s\000i\000o\000n\000\040\000a\000n\000d\000\040\000F\000u\000t\000u\000r\000e\000\040\000W\000o\000r\000k}{}% 75
\BOOKMARK [1][-]{section.5.1}{\376\377\000C\000o\000n\000c\000l\000u\000s\000i\000o\000n}{chapter.5}% 76
\BOOKMARK [1][-]{section.5.2}{\376\377\000F\000u\000t\000u\000r\000e\000\040\000W\000o\000r\000k}{chapter.5}% 77
\BOOKMARK [0][-]{appendix.A}{\376\377\000O\000W\000L\000\040\000V\000o\000c\000a\000b\000u\000l\000a\000r\000y\000\040\000f\000o\000r\000\040\000S\000u\000r\000v\000e\000y\000\040\000D\000a\000t\000a}{}% 78
\BOOKMARK [0][-]{appendix.B}{\376\377\000C\000S\000V\000\040\000t\000o\000\040\000L\000i\000n\000k\000e\000d\000\040\000D\000a\000t\000a\000:\000\040\000s\000a\000m\000p\000l\000e\000.\000t\000t\000l}{}% 79
\BOOKMARK [0][-]{appendix.C}{\376\377\000S\000H\000A\000C\000L\000\040\000S\000h\000a\000p\000e\000s\000\040\000f\000o\000r\000\040\000D\000a\000t\000a\000\040\000V\000a\000l\000i\000d\000a\000t\000i\000o\000n}{}% 80
\BOOKMARK [0][-]{lstnumber.-5.81}{\376\377\000R\000e\000f\000e\000r\000e\000n\000c\000e\000s}{}% 81
